// Jest Snapshot v1, https://goo.gl/fbAQLP

exports[`verify matchers accessibility toFailTestAndMatchSnapshot exists and works: toFailTestAndMatchSnapshot 1`] = `
"expect(received).toBe(expected) // Object.is equality

Expected: false
Received: true"
`;

exports[`verify matchers accessibility toSucceedAndMatchSnapshot exists and works: toSucceedAndMatchSnapshot 1`] = `
Object {
  "child": Object {
    "values": Array [
      Object {
        "number": 1,
      },
      Object {
        "number": 2,
      },
    ],
  },
  "field": "field",
}
`;
