// Jest Snapshot v1, https://goo.gl/fbAQLP

exports[`.toFailTest logs details correctly for a failed .not result: toFailTestAndMatchSnapshot 1`] = `
"expect(callback).not.toFailTest(expected)
Expected:
  Not failure
  Received: Test failed"
`;

exports[`.toFailTest logs details correctly for a failed result: toFailTestAndMatchSnapshot 1`] = `
"expect(callback).toFailTest(expected)
Expected:
  Failure
  Received: Test passed"
`;
