// Jest Snapshot v1, https://goo.gl/fbAQLP

exports[`@fgv/testbed scenario registry registry exposes the expected scenario ids (snapshot) 1`] = `
Array [
  "anthropic-client-tools",
  "openai-client-tools",
  "gemini-client-tools",
  "xai-client-tools",
  "gate-deny-client-tools",
  "local-classifier-safety",
  "local-embedding-search",
  "local-summarization",
  "mcp-probe",
  "memory-tools-gate",
  "cross-provider-embedding-search",
  "sqlite-vec-memory-persistence",
  "openai-model-tiers",
  "anthropic-model-tiers",
  "google-gemini-model-tiers",
]
`;
