// Jest Snapshot v1, https://goo.gl/fbAQLP

exports[`.toFailTestAndMatchSnapshot logs details correctly for a failed result: toFailTestAndMatchSnapshot 1`] = `
"[2mexpect([22m[31mcallback[39m[2m).[22mtoFailTestAndMatchSnapshot[2m([22m[32mexpected[39m[2m)[22m
  Expected: Callback to fail with an error that matches snapshot
  Received: Callback succeeded"
`;

exports[`.toFailTestAndMatchSnapshot passes for a test that fails with a result matching the snapshot: toFailTestAndMatchSnapshot 1`] = `
"[2mexpect([22m[31mreceived[39m[2m).[22mtoBe[2m([22m[32mexpected[39m[2m) // Object.is equality[22m

Expected: [32mfalse[39m
Received: [31mtrue[39m"
`;
