// Jest Snapshot v1, https://goo.gl/fbAQLP

exports[`verify matchers accessibility toFailTestAndMatchSnapshot exists and works: toFailTestAndMatchSnapshot 1`] = `
"[2mexpect([22m[31mreceived[39m[2m).[22mtoBe[2m([22m[32mexpected[39m[2m) // Object.is equality[22m

Expected: [32mfalse[39m
Received: [31mtrue[39m"
`;

exports[`verify matchers accessibility toSucceedAndMatchSnapshot exists and works: toSucceedAndMatchSnapshot 1`] = `
{
  "child": {
    "values": [
      {
        "number": 1,
      },
      {
        "number": 2,
      },
    ],
  },
  "field": "field",
}
`;
